src/app.ts(1,26): error TS2307: Cannot find module 'cookie-parser' or its corresponding type declarations.
src/app.ts(19,9): error TS2304: Cannot find name 'globalErrorHandler'.
src/app.ts(22,9): error TS2304: Cannot find name 'notFound'.
src/app/middlewares/auth.ts(1,10): error TS1484: 'NextFunction' is a type and must be imported using a type-only import when 'verbatimModuleSyntax' is enabled.
src/app/middlewares/auth.ts(1,24): error TS1484: 'Request' is a type and must be imported using a type-only import when 'verbatimModuleSyntax' is enabled.
src/app/middlewares/auth.ts(1,33): error TS1484: 'Response' is a type and must be imported using a type-only import when 'verbatimModuleSyntax' is enabled.
src/app/middlewares/auth.ts(3,33): error TS2307: Cannot find module 'jsonwebtoken' or its corresponding type declarations.
src/app/middlewares/validateRequest.ts(1,10): error TS1484: 'NextFunction' is a type and must be imported using a type-only import when 'verbatimModuleSyntax' is enabled.
src/app/middlewares/validateRequest.ts(1,24): error TS1484: 'Request' is a type and must be imported using a type-only import when 'verbatimModuleSyntax' is enabled.
src/app/middlewares/validateRequest.ts(1,33): error TS1484: 'Response' is a type and must be imported using a type-only import when 'verbatimModuleSyntax' is enabled.
src/app/middlewares/validateRequest.ts(2,10): error TS2724: '"zod"' has no exported member named 'AnyZodObject'. Did you mean 'ZodObject'?
src/app/middlewares/validateRequest.ts(4,24): error TS2835: Relative import paths need explicit file extensions in ECMAScript imports when '--moduleResolution' is 'node16' or 'nodenext'. Did you mean '../utils/catchAsync.js'?
src/app/modules/auth/auth.controller.ts(1,10): error TS1484: 'Request' is a type and must be imported using a type-only import when 'verbatimModuleSyntax' is enabled.
src/app/modules/auth/auth.controller.ts(1,19): error TS1484: 'Response' is a type and must be imported using a type-only import when 'verbatimModuleSyntax' is enabled.
src/app/modules/auth/auth.service.ts(2,33): error TS2307: Cannot find module 'jsonwebtoken' or its corresponding type declarations.
src/app/modules/auth/auth.service.ts(7,10): error TS1484: 'TLoginUser' is a type and must be imported using a type-only import when 'verbatimModuleSyntax' is enabled.
src/app/modules/auth/auth.utils.ts(1,33): error TS2307: Cannot find module 'jsonwebtoken' or its corresponding type declarations.
src/app/modules/auth/auth.validation.ts(5,20): error TS2769: No overload matches this call.
  Overload 1 of 2, '(params?: string | { error?: string | $ZodErrorMap<$ZodIssueInvalidType<unknown>> | undefined; message?: string | undefined; } | undefined): ZodString', gave the following error.
    Object literal may only specify known properties, and 'required_error' does not exist in type '{ error?: string | $ZodErrorMap<$ZodIssueInvalidType<unknown>> | undefined; message?: string | undefined; }'.
  Overload 2 of 2, '(params?: string | { error?: string | $ZodErrorMap<$ZodIssueInvalidType<unknown>> | undefined; message?: string | undefined; } | undefined): $ZodType<...>', gave the following error.
    Object literal may only specify known properties, and 'required_error' does not exist in type '{ error?: string | $ZodErrorMap<$ZodIssueInvalidType<unknown>> | undefined; message?: string | undefined; }'.
src/app/modules/auth/auth.validation.ts(6,26): error TS2769: No overload matches this call.
  Overload 1 of 2, '(params?: string | { error?: string | $ZodErrorMap<$ZodIssueInvalidType<unknown>> | undefined; message?: string | undefined; } | undefined): ZodString', gave the following error.
    Object literal may only specify known properties, and 'required_error' does not exist in type '{ error?: string | $ZodErrorMap<$ZodIssueInvalidType<unknown>> | undefined; message?: string | undefined; }'.
  Overload 2 of 2, '(params?: string | { error?: string | $ZodErrorMap<$ZodIssueInvalidType<unknown>> | undefined; message?: string | undefined; } | undefined): $ZodType<...>', gave the following error.
    Object literal may only specify known properties, and 'required_error' does not exist in type '{ error?: string | $ZodErrorMap<$ZodIssueInvalidType<unknown>> | undefined; message?: string | undefined; }'.
src/app/modules/auth/auth.validation.ts(12,30): error TS2769: No overload matches this call.
  Overload 1 of 2, '(params?: string | { error?: string | $ZodErrorMap<$ZodIssueInvalidType<unknown>> | undefined; message?: string | undefined; } | undefined): ZodString', gave the following error.
    Object literal may only specify known properties, and 'required_error' does not exist in type '{ error?: string | $ZodErrorMap<$ZodIssueInvalidType<unknown>> | undefined; message?: string | undefined; }'.
  Overload 2 of 2, '(params?: string | { error?: string | $ZodErrorMap<$ZodIssueInvalidType<unknown>> | undefined; message?: string | undefined; } | undefined): $ZodType<...>', gave the following error.
    Object literal may only specify known properties, and 'required_error' does not exist in type '{ error?: string | $ZodErrorMap<$ZodIssueInvalidType<unknown>> | undefined; message?: string | undefined; }'.
src/app/modules/faculty/faculty.controller.ts(1,10): error TS1484: 'Request' is a type and must be imported using a type-only import when 'verbatimModuleSyntax' is enabled.
src/app/modules/faculty/faculty.controller.ts(1,19): error TS1484: 'Response' is a type and must be imported using a type-only import when 'verbatimModuleSyntax' is enabled.
src/app/modules/faculty/faculty.controller.ts(10,63): error TS2345: Argument of type 'string | string[] | undefined' is not assignable to parameter of type 'string'.
  Type 'undefined' is not assignable to type 'string'.
src/app/modules/faculty/faculty.controller.ts(34,60): error TS2345: Argument of type 'string | string[] | undefined' is not assignable to parameter of type 'string'.
  Type 'undefined' is not assignable to type 'string'.
src/app/modules/faculty/faculty.controller.ts(46,60): error TS2345: Argument of type 'string | string[] | undefined' is not assignable to parameter of type 'string'.
  Type 'undefined' is not assignable to type 'string'.
src/app/modules/faculty/faculty.service.ts(6,10): error TS1484: 'IFaculty' is a type and must be imported using a type-only import when 'verbatimModuleSyntax' is enabled.
src/app/modules/student/student.controller.ts(1,10): error TS1484: 'Request' is a type and must be imported using a type-only import when 'verbatimModuleSyntax' is enabled.
src/app/modules/student/student.controller.ts(1,19): error TS1484: 'Response' is a type and must be imported using a type-only import when 'verbatimModuleSyntax' is enabled.
src/app/modules/student/student.controller.ts(10,63): error TS2345: Argument of type 'string | string[] | undefined' is not assignable to parameter of type 'string'.
  Type 'undefined' is not assignable to type 'string'.
src/app/modules/student/student.controller.ts(34,60): error TS2345: Argument of type 'string | string[] | undefined' is not assignable to parameter of type 'string'.
  Type 'undefined' is not assignable to type 'string'.
src/app/modules/student/student.controller.ts(46,60): error TS2345: Argument of type 'string | string[] | undefined' is not assignable to parameter of type 'string'.
  Type 'undefined' is not assignable to type 'string'.
src/app/modules/student/student.services.ts(6,10): error TS1484: 'IStudent' is a type and must be imported using a type-only import when 'verbatimModuleSyntax' is enabled.
src/app/modules/user/user.controller.ts(1,10): error TS1484: 'Request' is a type and must be imported using a type-only import when 'verbatimModuleSyntax' is enabled.
src/app/modules/user/user.controller.ts(1,19): error TS1484: 'Response' is a type and must be imported using a type-only import when 'verbatimModuleSyntax' is enabled.
src/app/modules/user/user.service.ts(7,10): error TS1484: 'IAcademicSemester' is a type and must be imported using a type-only import when 'verbatimModuleSyntax' is enabled.
src/app/modules/user/user.service.ts(12,10): error TS1484: 'IUser' is a type and must be imported using a type-only import when 'verbatimModuleSyntax' is enabled.
src/app/modules/user/user.service.ts(48,25): error TS2532: Object is possibly 'undefined'.
src/app/modules/user/user.service.ts(49,20): error TS2532: Object is possibly 'undefined'.
src/app/modules/user/user.service.ts(95,25): error TS2532: Object is possibly 'undefined'.
src/app/modules/user/user.service.ts(96,20): error TS2532: Object is possibly 'undefined'.
src/app/modules/user/user.service.ts(142,23): error TS2532: Object is possibly 'undefined'.
src/app/modules/user/user.service.ts(143,20): error TS2532: Object is possibly 'undefined'.
src/app/modules/user/user.utils.ts(1,35): error TS2307: Cannot find module '../academicSemester/academicSemester.interface' or its corresponding type declarations.
src/app/modules/user/user.utils.ts(2,22): error TS2307: Cannot find module './user.model' or its corresponding type declarations.
src/app/modules/user/user.validation.ts(6,7): error TS2769: No overload matches this call.
  Overload 1 of 2, '(params?: string | { error?: string | $ZodErrorMap<$ZodIssueInvalidType<unknown>> | undefined; message?: string | undefined; } | undefined): ZodString', gave the following error.
    Object literal may only specify known properties, and 'invalid_type_error' does not exist in type '{ error?: string | $ZodErrorMap<$ZodIssueInvalidType<unknown>> | undefined; message?: string | undefined; }'.
  Overload 2 of 2, '(params?: string | { error?: string | $ZodErrorMap<$ZodIssueInvalidType<unknown>> | undefined; message?: string | undefined; } | undefined): $ZodType<...>', gave the following error.
    Object literal may only specify known properties, and 'invalid_type_error' does not exist in type '{ error?: string | $ZodErrorMap<$ZodIssueInvalidType<unknown>> | undefined; message?: string | undefined; }'.
src/app/utils/catchAsync.ts(1,10): error TS1484: 'NextFunction' is a type and must be imported using a type-only import when 'verbatimModuleSyntax' is enabled.
src/app/utils/catchAsync.ts(1,24): error TS1484: 'Request' is a type and must be imported using a type-only import when 'verbatimModuleSyntax' is enabled.
src/app/utils/catchAsync.ts(1,33): error TS1484: 'RequestHandler' is a type and must be imported using a type-only import when 'verbatimModuleSyntax' is enabled.
src/app/utils/catchAsync.ts(1,49): error TS1484: 'Response' is a type and must be imported using a type-only import when 'verbatimModuleSyntax' is enabled.
src/app/utils/sendResponse.ts(1,10): error TS1484: 'Response' is a type and must be imported using a type-only import when 'verbatimModuleSyntax' is enabled.
